###############################################################################
#
# IAR ELF Linker V3.10.1.201 for STM8                     31/Jan/2019  21:03:18
# Copyright 2010-2017 IAR Systems AB.
#
#    Output file  =  
#        C:\Users\Sylvester\Documents\GitHub\PicoTracker\firmware\Debug\Exe\HC12Tracker.out
#    Map file     =  
#        C:\Users\Sylvester\Documents\GitHub\PicoTracker\firmware\Debug\List\HC12Tracker.map
#    Command line =  
#        -f C:\Users\Sylvester\AppData\Local\Temp\EWBA7A.tmp
#        (C:\Users\Sylvester\Documents\GitHub\PicoTracker\firmware\Debug\Obj\energy.o
#        C:\Users\Sylvester\Documents\GitHub\PicoTracker\firmware\Debug\Obj\gps.o
#        C:\Users\Sylvester\Documents\GitHub\PicoTracker\firmware\Debug\Obj\main.o
#        C:\Users\Sylvester\Documents\GitHub\PicoTracker\firmware\Debug\Obj\rtty.o
#        C:\Users\Sylvester\Documents\GitHub\PicoTracker\firmware\Debug\Obj\si_trx.o
#        C:\Users\Sylvester\Documents\GitHub\PicoTracker\firmware\Debug\Obj\spi_bitbang.o
#        C:\Users\Sylvester\Documents\GitHub\PicoTracker\firmware\Debug\Obj\string.o
#        C:\Users\Sylvester\Documents\GitHub\PicoTracker\firmware\Debug\Obj\telemetry.o
#        --redirect _Printf=_PrintfFullNoMb --redirect _Scanf=_ScanfFullNoMb -o
#        C:\Users\Sylvester\Documents\GitHub\PicoTracker\firmware\Debug\Exe\HC12Tracker.out
#        --map
#        C:\Users\Sylvester\Documents\GitHub\PicoTracker\firmware\Debug\List\HC12Tracker.map
#        --config "C:\Program Files (x86)\IAR Systems\Embedded Workbench
#        8.0\stm8\config\lnkstm8s003f3.icf" --config_def _CSTACK_SIZE=0x100
#        --config_def _HEAP_SIZE=0x100 --entry __iar_program_start --debug_lib)
#
###############################################################################

*******************************************************************************
*** MESSAGES
***

Error[Li005]: no definition for "InitialiseAWU" [referenced from C:\Users\Sylve
          ster\Documents\GitHub\PicoTracker\firmware\Debug\Obj\main.o]
Error[Li005]: no definition for "Switch_to_LSI_clock" [referenced from C:\Users
          \Sylvester\Documents\GitHub\PicoTracker\firmware\Debug\Obj\main.o]
Error[Li005]: no definition for "DeInitAWU" [referenced from C:\Users\Sylvester
          \Documents\GitHub\PicoTracker\firmware\Debug\Obj\main.o]
Error[Li005]: no definition for "si_trx_get_voltage" [referenced from C:\Users\
          Sylvester\Documents\GitHub\PicoTracker\firmware\Debug\Obj\main.o]


*******************************************************************************
*** RUNTIME MODEL ATTRIBUTES
***

__SystemLibrary            = DLib
__code_model               = small
__core                     = stm8
__data_model               = medium
__dlib_file_descriptor     = 0
__dlib_full_locale_support = 0
__rt_version               = 4


*******************************************************************************
*** PLACEMENT SUMMARY
***

"A0":  place at start of [0x000000-0x0000ff] { rw section .vregs };
"A1":  place at end of [0x000000-0x0003ff] { block CSTACK };
"P2":  place in [from 0x000000 to 0x0003ff] {
          block HEAP, rw section __DLIB_PERTHREAD, rw section .far.bss,
          rw section .far.data, rw section .far.noinit,
          rw section .far_func.textrw, rw section .huge.bss,
          rw section .huge.data, rw section .huge.noinit,
          rw section .huge_func.textrw, rw section .iar.dynexit,
          rw section .near.bss, rw section .near.data, rw section .near.noinit,
          rw section .near_func.textrw };
"A2":  place at start of [0x008000-0x009fff] { block INTVEC };
"P3":  place in [from 0x008000 to 0x009fff] {
          ro section __DLIB_PERTHREAD_init, ro section .far.data_init,
          ro section .far_func.textrw_init, ro section .huge.data_init,
          ro section .huge_func.textrw_init, ro section .iar.init_table,
          ro section .init_array, ro section .near.data_init,
          ro section .near.rodata, ro section .near_func.text,
          ro section .near_func.textrw_init, ro section .tiny.data_init,
          ro section .tiny.rodata_init };
"P4":  place in [from 0x008000 to 0x009fff] {
          ro section .far.rodata, ro section .far_func.text };
"P5":  place in [from 0x008000 to 0x009fff] {
          ro section .huge.rodata, ro section .huge_func.text };
do not initialize {
   rw section .eeprom.noinit, rw section .far.noinit, rw section .huge.noinit,
   rw section .near.noinit, rw section .tiny.noinit, rw section .vregs };
initialize by copy {
   rw section .far.bss, rw section .far.data, rw section .far_func.textrw,
   rw section .huge.bss, rw section .huge.data, rw section .huge_func.textrw,
   rw section .iar.dynexit, rw section .near.bss, rw section .near.data,
   rw section .near_func.textrw, rw section .tiny.bss, rw section .tiny.data,
   ro section .tiny.rodata };

  Section            Kind      Address    Size  Object
  -------            ----      -------    ----  ------
"A0":                                     0x10
  .vregs             uninit   0x000000    0x10  vregs.o [4]
                            - 0x000010    0x10

"P2", part 1 of 2:                        0x4e
  P2-1                        0x000010    0x4e  <Init block>
    .near.data       inited   0x000010    0x4d  main.o [1]
    .near.data       inited   0x00005d     0x1  rtty.o [1]
                            - 0x00005e    0x4e

"P2", part 2 of 2:                        0x88
  .near.bss          zero     0x00005e    0x5c  gps.o [1]
  .near.bss          zero     0x0000ba    0x19  main.o [1]
  .near.bss          zero     0x0000d3     0x2  main.o [1]
  .near.bss          zero     0x0000d5     0x2  main.o [1]
  .near.bss          zero     0x0000d7     0x2  telemetry.o [1]
  .near.bss          zero     0x0000d9     0x2  telemetry.o [1]
  .near.bss          zero     0x0000db     0x2  telemetry.o [1]
  .near.bss          zero     0x0000dd     0x1  main.o [1]
  .near.bss          zero     0x0000de     0x1  main.o [1]
  .near.bss          zero     0x0000df     0x1  main.o [1]
  .near.bss          zero     0x0000e0     0x1  rtty.o [1]
  .near.bss          zero     0x0000e1     0x1  rtty.o [1]
  .near.bss          zero     0x0000e2     0x1  telemetry.o [1]
  .near.bss          zero     0x0000e3     0x1  telemetry.o [1]
  .near.bss          zero     0x0000e4     0x1  telemetry.o [1]
  .near.bss          zero     0x0000e5     0x1  telemetry.o [1]
                            - 0x0000e6    0x88

"A1":                                    0x100
  CSTACK                      0x000300   0x100  <Block>
    CSTACK           uninit   0x000300   0x100  <Block tail>
                            - 0x000400   0x100

Absolute sections, part 1 of 10:           0x9
  .near.noinit       uninit   0x005007     0x1  si_trx.o [1]
  .near.noinit       uninit   0x005008     0x1  si_trx.o [1]
  .near.noinit       uninit   0x005009     0x1  si_trx.o [1]
  .near.noinit       uninit   0x00500a     0x1  spi_bitbang.o [1]
  .near.noinit       uninit   0x00500b     0x1  spi_bitbang.o [1]
  .near.noinit       uninit   0x00500c     0x1  spi_bitbang.o [1]
  .near.noinit       uninit   0x00500d     0x1  spi_bitbang.o [1]
  .near.noinit       uninit   0x00500e     0x1  spi_bitbang.o [1]
  .near.noinit       uninit   0x00500f     0x1  si_trx.o [1]
                            - 0x005010     0x9

Absolute sections, part 2 of 10:           0x3
  .near.noinit       uninit   0x005011     0x1  si_trx.o [1]
  .near.noinit       uninit   0x005012     0x1  si_trx.o [1]
  .near.noinit       uninit   0x005013     0x1  si_trx.o [1]
                            - 0x005014     0x3

Absolute sections, part 3 of 10:           0x2
  .near.noinit       uninit   0x0050c0     0x1  energy.o [1]
  .near.noinit       uninit   0x0050c1     0x1  energy.o [1]
                            - 0x0050c2     0x2

Absolute sections, part 4 of 10:           0x4
  .near.noinit       uninit   0x0050c4     0x1  energy.o [1]
  .near.noinit       uninit   0x0050c5     0x1  energy.o [1]
  .near.noinit       uninit   0x0050c6     0x1  energy.o [1]
  .near.noinit       uninit   0x0050c7     0x1  energy.o [1]
                            - 0x0050c8     0x4

Absolute sections, part 5 of 10:           0x2
  .near.noinit       uninit   0x0050c9     0x1  energy.o [1]
  .near.noinit       uninit   0x0050ca     0x1  energy.o [1]
                            - 0x0050cb     0x2

Absolute sections, part 6 of 10:           0x2
  .near.noinit       uninit   0x0050cc     0x1  energy.o [1]
  .near.noinit       uninit   0x0050cd     0x1  energy.o [1]
                            - 0x0050ce     0x2

Absolute sections, part 7 of 10:           0xb
  .near.noinit       uninit   0x005230     0x1  gps.o [1]
  .near.noinit       uninit   0x005231     0x1  gps.o [1]
  .near.noinit       uninit   0x005232     0x1  gps.o [1]
  .near.noinit       uninit   0x005233     0x1  gps.o [1]
  .near.noinit       uninit   0x005234     0x1  gps.o [1]
  .near.noinit       uninit   0x005235     0x1  gps.o [1]
  .near.noinit       uninit   0x005236     0x1  gps.o [1]
  .near.noinit       uninit   0x005237     0x1  gps.o [1]
  .near.noinit       uninit   0x005238     0x1  gps.o [1]
  .near.noinit       uninit   0x005239     0x1  gps.o [1]
  .near.noinit       uninit   0x00523a     0x1  gps.o [1]
                            - 0x00523b     0xb

Absolute sections, part 8 of 10:           0x1
  .near.noinit       uninit   0x005250     0x1  telemetry.o [1]
                            - 0x005251     0x1

Absolute sections, part 9 of 10:           0x2
  .near.noinit       uninit   0x005254     0x1  telemetry.o [1]
  .near.noinit       uninit   0x005255     0x1  telemetry.o [1]
                            - 0x005256     0x2

Absolute sections, part 10 of 10:          0x4
  .near.noinit       uninit   0x005260     0x1  telemetry.o [1]
  .near.noinit       uninit   0x005261     0x1  telemetry.o [1]
  .near.noinit       uninit   0x005262     0x1  telemetry.o [1]
  .near.noinit       uninit   0x005263     0x1  telemetry.o [1]
                            - 0x005264     0x4

"A2":                                     0x80
  INTVEC                      0x008000    0x80  <Block>
    .intvec          const    0x008000    0x80  interrupt.o [4]
                            - 0x008080    0x80

"P3-P5":                                0x1dbb
  .near_func.text    ro code  0x008080   0x4a4  si_trx.o [1]
  .near_func.text    ro code  0x008524   0x431  float.o [4]
  .near_func.text    ro code  0x008955   0x2df  telemetry.o [1]
  .near_func.text    ro code  0x008c34   0x271  gps.o [1]
  .near_func.text    ro code  0x008ea5   0x1f5  long.o [4]
  .near_func.text    ro code  0x00909a   0x1eb  gps.o [1]
  .near_func.text    ro code  0x009285   0x1b6  main.o [1]
  .near_func.text    ro code  0x00943b   0x145  vreg_util.o [4]
  .near_func.text    ro code  0x009580    0x76  si_trx.o [1]
  .near_func.text    ro code  0x0095f6    0x71  telemetry.o [1]
  .near_func.text    ro code  0x009667    0x6f  rtty.o [1]
  .near_func.text    ro code  0x0096d6    0x5f  string.o [1]
  .near_func.text    ro code  0x009735    0x5b  string.o [1]
  .near_func.text    ro code  0x009790    0x59  string.o [1]
  .near_func.text    ro code  0x0097e9    0x57  long_util.o [4]
  .near_func.text    ro code  0x009840    0x50  main.o [1]
  Initializer bytes  const    0x009890    0x4e  <for P2-1> (used: 0x0)
  .near_func.text    ro code  0x0098de    0x4a  string.o [1]
  .near.rodata       const    0x009928    0x44  gps.o [1]
  .near_func.text    ro code  0x00996c    0x40  energy.o [1]
  .near_func.text    ro code  0x0099ac    0x40  telemetry.o [1]
  .near_func.text    ro code  0x0099ec    0x40  short.o [4]
  .near_func.text    ro code  0x009a2c    0x3f  si_trx.o [1]
  .near_func.text    ro code  0x009a6b    0x3f  spi_bitbang.o [1]
  .near_func.text    ro code  0x009aaa    0x37  gps.o [1]
  .near.rodata       const    0x009ae1    0x34  gps.o [1]
  .near_func.text    ro code  0x009b15    0x34  telemetry.o [1]
  .near_func.text    ro code  0x009b49    0x2f  telemetry.o [1]
  .near_func.text    ro code  0x009b78    0x2d  spi_bitbang.o [1]
  .near.rodata       const    0x009ba5    0x2c  gps.o [1]
  .near_func.text    ro code  0x009bd1    0x28  init_small.o [4]
  .near_func.text    ro code  0x009bf9    0x26  gps.o [1]
  .near_func.text    ro code  0x009c1f    0x26  gps.o [1]
  .near_func.text    ro code  0x009c45    0x26  gps.o [1]
  .near_func.text    ro code  0x009c6b    0x26  gps.o [1]
  .near_func.text    ro code  0x009c91    0x26  dc_util.o [4]
  .near_func.text    ro code  0x009cb7    0x21  telemetry.o [1]
  .iar.init_table    const    0x009cd8    0x12  - Linker created -
  .near_func.text    ro code  0x009cea    0x1e  init_small.o [4]
  .near.rodata       const    0x009d08    0x1c  gps.o [1]
  .near_func.text    ro code  0x009d24    0x1b  telemetry.o [1]
  .near_func.text    ro code  0x009d3f    0x1a  telemetry.o [1]
  .near.rodata       const    0x009d59    0x14  gps.o [1]
  .near_func.text    ro code  0x009d6d    0x14  init.o [4]
  .near_func.text    ro code  0x009d81    0x14  __dbg_xxexit.o [3]
  .near_func.text    ro code  0x009d95    0x13  cstartup.o [4]
  .near_func.text    ro code  0x009da8    0x12  si_trx.o [1]
  .near_func.text    ro code  0x009dba     0xf  telemetry.o [1]
  .near_func.text    ro code  0x009dc9     0xd  move.o [4]
  .near_func.text    ro code  0x009dd6     0xb  telemetry.o [1]
  .near.rodata       const    0x009de1     0xa  gps.o [1]
  .near_func.text    ro code  0x009deb     0x9  telemetry.o [1]
  .near.rodata       const    0x009df4     0x8  gps.o [1]
  .near.rodata       const    0x009dfc     0x8  gps.o [1]
  .near.rodata       const    0x009e04     0x8  gps.o [1]
  .near_func.text    ro code  0x009e0c     0x8  gps.o [1]
  .near_func.text    ro code  0x009e14     0x8  rtty.o [1]
  .near_func.text    ro code  0x009e1c     0x5  rtty.o [1]
  .near_func.text    ro code  0x009e21     0x5  char.o [4]
  .near_func.text    ro code  0x009e26     0x5  cexit.o [4]
  .near.rodata       const    0x009e2b     0x3  telemetry.o [1]
  .near_func.text    ro code  0x009e2e     0x3  interrupt.o [4]
  .near_func.text    ro code  0x009e31     0x3  low_level_init.o [4]
  .near_func.text    ro code  0x009e34     0x3  exit.o [4]
  .near_func.text    ro code  0x009e37     0x3  unhandled_exception.o [4]
  .near_func.text    ro code  0x009e3a     0x1  __dbg_break.o [3]
                            - 0x009e3b  0x1dbb


*******************************************************************************
*** INIT TABLE
***

          Address   Size
          -------   ----
Zero (__iar_zero_init2)
    1 destination range, total size 0x88:
          0x00005e  0x88

Copy (__iar_copy_init2)
    1 source range, total size 0x4e:
          0x009890  0x4e
    1 destination range, total size 0x4e:
          0x000010  0x4e



*******************************************************************************
*** MODULE SUMMARY
***

    Module                 ro code  ro data  rw data  rw data
                                                       (abs)
    ------                 -------  -------  -------  -------
C:\Users\Sylvester\Documents\GitHub\PicoTracker\firmware\Debug\Obj: [1]
    energy.o                    64                         10
    gps.o                    1 331      246       92       11
    main.o                     518       77      109
    rtty.o                     124        1        3
    si_trx.o                 1 387                          7
    spi_bitbang.o              108                          5
    string.o                   349
    telemetry.o              1 132        3       10        7
    ---------------------------------------------------------
    Total:                   5 013      327      214       40

command line: [2]
    ---------------------------------------------------------
    Total:

dbgstm8smd.a: [3]
    __dbg_break.o                1
    __dbg_xxexit.o              20
    ---------------------------------------------------------
    Total:                      21

dlstm8smn.a: [4]
    cexit.o                      5
    char.o                       5
    cstartup.o                  19
    dc_util.o                   38
    exit.o                       3
    float.o                  1 073
    init.o                      20
    init_small.o                70
    interrupt.o                  3      128
    long.o                     501
    long_util.o                 87
    low_level_init.o             3
    move.o                      13
    short.o                     64
    unhandled_exception.o        3
    vreg_util.o                325
    vregs.o                                       16
    ---------------------------------------------------------
    Total:                   2 232      128       16

    Linker created                       18      256
-------------------------------------------------------------
    Grand Total:             7 266      473      486       40


*******************************************************************************
*** ENTRY LIST
***

Entry                    Address   Size  Type      Object
-----                    -------   ----  ----      ------
.iar.init_table$$Base   0x009cd8          --   Gb  - Linker created -
.iar.init_table$$Limit  0x009cea          --   Gb  - Linker created -
?add32_l0_l0_0x         0x008ee4         Code  Gb  long.o [4]
?add32_l0_l0_l1         0x008ee1         Code  Gb  long.o [4]
?and32_l0_l0_0x         0x009056         Code  Gb  long.o [4]
?and32_l0_l0_l1         0x009053         Code  Gb  long.o [4]
?b0                     0x000000         Data  Gb  vregs.o [4]
?b1                     0x000001         Data  Gb  vregs.o [4]
?b10                    0x00000a         Data  Gb  vregs.o [4]
?b11                    0x00000b         Data  Gb  vregs.o [4]
?b12                    0x00000c         Data  Gb  vregs.o [4]
?b13                    0x00000d         Data  Gb  vregs.o [4]
?b14                    0x00000e         Data  Gb  vregs.o [4]
?b15                    0x00000f         Data  Gb  vregs.o [4]
?b2                     0x000002         Data  Gb  vregs.o [4]
?b3                     0x000003         Data  Gb  vregs.o [4]
?b4                     0x000004         Data  Gb  vregs.o [4]
?b5                     0x000005         Data  Gb  vregs.o [4]
?b6                     0x000006         Data  Gb  vregs.o [4]
?b7                     0x000007         Data  Gb  vregs.o [4]
?b8                     0x000008         Data  Gb  vregs.o [4]
?b9                     0x000009         Data  Gb  vregs.o [4]
?dc16_w0                0x009c91         Code  Gb  dc_util.o [4]
?dc32_l1                0x009c9f         Code  Gb  dc_util.o [4]
?dc32_px                0x009cac         Code  Gb  dc_util.o [4]
?dec32_0x_0x            0x008ecd         Code  Gb  long.o [4]
?dec32_l0_l0            0x008ec8         Code  Gb  long.o [4]
?e0                     0x000001         Data  Gb  vregs.o [4]
?e1                     0x000005         Data  Gb  vregs.o [4]
?e2                     0x000009         Data  Gb  vregs.o [4]
?e3                     0x00000d         Data  Gb  vregs.o [4]
?epilogue_l2            0x0094ee         Code  Gb  vreg_util.o [4]
?epilogue_l2_l3         0x0094eb         Code  Gb  vreg_util.o [4]
?epilogue_l2_w6         0x0094f2         Code  Gb  vreg_util.o [4]
?epilogue_w4            0x0094f9         Code  Gb  vreg_util.o [4]
?fadd32_l0_l0_dc32      0x008547         Code  Gb  float.o [4]
?fadd32_l0_l0_l1        0x00854c         Code  Gb  float.o [4]
?fcastf32s32_l0_l0      0x008810         Code  Gb  float.o [4]
?fcastf32u16_l0_x       0x00876d         Code  Gb  float.o [4]
?fcastf32u32_l0_l0      0x00881b         Code  Gb  float.o [4]
?fcasts16f32_x_l0       0x00878b         Code  Gb  float.o [4]
?fcastu32f32_l0_l0      0x0087c0         Code  Gb  float.o [4]
?fdiv32_l0_l0_dc32      0x0086ba         Code  Gb  float.o [4]
?fdiv32_l0_l0_l1        0x0086bf         Code  Gb  float.o [4]
?fmul32_l0_l0_dc32      0x00861a         Code  Gb  float.o [4]
?fmul32_l0_l0_l1        0x00861f         Code  Gb  float.o [4]
?fsub32_l0_l0_l1        0x008541         Code  Gb  float.o [4]
?inc32_0x_0x            0x008eba         Code  Gb  long.o [4]
?inc32_l1_l1            0x008eb5         Code  Gb  long.o [4]
?l0                     0x000000         Data  Gb  vregs.o [4]
?l1                     0x000004         Data  Gb  vregs.o [4]
?l2                     0x000008         Data  Gb  vregs.o [4]
?l3                     0x00000c         Data  Gb  vregs.o [4]
?load32_0x_l0           0x009832         Code  Gb  long_util.o [4]
?load32_asp_l0          0x009826         Code  Gb  long_util.o [4]
?load32_dbsp_l0         0x009821         Code  Gb  long_util.o [4]
?load32_l0_0x           0x0097f9         Code  Gb  long_util.o [4]
?load32_l0_asp          0x0097ee         Code  Gb  long_util.o [4]
?load32_l0_dbsp         0x0097e9         Code  Gb  long_util.o [4]
?load32_l0_xsp          0x0097f0         Code  Gb  long_util.o [4]
?load32_l1_0x           0x009815         Code  Gb  long_util.o [4]
?load32_l1_asp          0x00980a         Code  Gb  long_util.o [4]
?load32_l1_dbsp         0x009805         Code  Gb  long_util.o [4]
?load32_l1_xsp          0x00980c         Code  Gb  long_util.o [4]
?load32_xsp_l0          0x009828         Code  Gb  long_util.o [4]
?mov_e0_e1              0x00950e         Code  Gb  vreg_util.o [4]
?mov_e0_e2              0x00951b         Code  Gb  vreg_util.o [4]
?mov_e0_e3              0x009528         Code  Gb  vreg_util.o [4]
?mov_e1_e0              0x009535         Code  Gb  vreg_util.o [4]
?mov_e1_e2              0x009542         Code  Gb  vreg_util.o [4]
?mov_e1_e3              0x00954f         Code  Gb  vreg_util.o [4]
?mov_e2_e0              0x00955c         Code  Gb  vreg_util.o [4]
?mov_e2_e1              0x009569         Code  Gb  vreg_util.o [4]
?mov_e3_e0              0x009576         Code  Gb  vreg_util.o [4]
?mov_l0_l1              0x00950b         Code  Gb  vreg_util.o [4]
?mov_l0_l2              0x009518         Code  Gb  vreg_util.o [4]
?mov_l0_l3              0x009525         Code  Gb  vreg_util.o [4]
?mov_l1_l0              0x009532         Code  Gb  vreg_util.o [4]
?mov_l1_l2              0x00953f         Code  Gb  vreg_util.o [4]
?mov_l1_l3              0x00954c         Code  Gb  vreg_util.o [4]
?mov_l2_l0              0x009559         Code  Gb  vreg_util.o [4]
?mov_l2_l1              0x009566         Code  Gb  vreg_util.o [4]
?mov_l3_l0              0x009573         Code  Gb  vreg_util.o [4]
?mov_w1_w3              0x009511         Code  Gb  vreg_util.o [4]
?mov_w1_w5              0x00951e         Code  Gb  vreg_util.o [4]
?mov_w1_w7              0x00952b         Code  Gb  vreg_util.o [4]
?mov_w3_w1              0x009538         Code  Gb  vreg_util.o [4]
?mov_w3_w5              0x009545         Code  Gb  vreg_util.o [4]
?mov_w3_w7              0x009552         Code  Gb  vreg_util.o [4]
?mov_w5_w1              0x00955f         Code  Gb  vreg_util.o [4]
?mov_w5_w3              0x00956c         Code  Gb  vreg_util.o [4]
?mov_w6_w1              0x0094fd         Code  Gb  vreg_util.o [4]
?mov_w7_w0              0x009504         Code  Gb  vreg_util.o [4]
?mov_w7_w1              0x009579         Code  Gb  vreg_util.o [4]
?move1616_v_x_y_a       0x009dc9         Code  Gb  move.o [4]
?mul16_x_x_w0           0x0099ec         Code  Gb  short.o [4]
?mul32_l0_l0_0x         0x008eff         Code  Gb  long.o [4]
?mul32_l0_l0_dl         0x008efc         Code  Gb  long.o [4]
?mul32_l0_l0_l1         0x008f08         Code  Gb  long.o [4]
?neg32_l0_l0            0x008ea5         Code  Gb  long.o [4]
?or32_l0_l0_0x          0x009071         Code  Gb  long.o [4]
?or32_l0_l0_l1          0x00906e         Code  Gb  long.o [4]
?pop_l0                 0x0094b7         Code  Gb  vreg_util.o [4]
?pop_l1                 0x0094c2         Code  Gb  vreg_util.o [4]
?pop_l2                 0x0094cd         Code  Gb  vreg_util.o [4]
?pop_l3                 0x0094d8         Code  Gb  vreg_util.o [4]
?pop_w4                 0x009462         Code  Gb  vreg_util.o [4]
?pop_w5                 0x009469         Code  Gb  vreg_util.o [4]
?pop_w6                 0x009470         Code  Gb  vreg_util.o [4]
?pop_w7                 0x009477         Code  Gb  vreg_util.o [4]
?push_l0                0x009486         Code  Gb  vreg_util.o [4]
?push_l1                0x00948b         Code  Gb  vreg_util.o [4]
?push_l2                0x009490         Code  Gb  vreg_util.o [4]
?push_l3                0x009495         Code  Gb  vreg_util.o [4]
?push_w4                0x00943b         Code  Gb  vreg_util.o [4]
?push_w5                0x009440         Code  Gb  vreg_util.o [4]
?push_w6                0x009445         Code  Gb  vreg_util.o [4]
?push_w7                0x00944a         Code  Gb  vreg_util.o [4]
?scmp32_c_l0_l1         0x00903c         Code  Gb  long.o [4]
?sdiv32_l0_l0_dl        0x008ff3         Code  Gb  long.o [4]
?sdiv32_l0_l0_l1        0x008ff6         Code  Gb  long.o [4]
?sext16_x_a             0x009a25         Code  Gb  short.o [4]
?sll32_0x_0x_a          0x00908c         Code  Gb  long.o [4]
?sll32_l0_l0_a          0x009089         Code  Gb  long.o [4]
?smod32_l1_l0_l1        0x008ff6         Code  Gb  long.o [4]
?sra16_x_x_a            0x009a1d         Code  Gb  short.o [4]
?srl16_x_x_a            0x009a15         Code  Gb  short.o [4]
?srl8_a_a_5             0x009e21         Code  Gb  char.o [4]
?udiv32_l0_l0_l1        0x008f86         Code  Gb  long.o [4]
?umod32_l1_l0_l1        0x008f86         Code  Gb  long.o [4]
?w0                     0x000000         Data  Gb  vregs.o [4]
?w1                     0x000002         Data  Gb  vregs.o [4]
?w2                     0x000004         Data  Gb  vregs.o [4]
?w3                     0x000006         Data  Gb  vregs.o [4]
?w4                     0x000008         Data  Gb  vregs.o [4]
?w5                     0x00000a         Data  Gb  vregs.o [4]
?w6                     0x00000c         Data  Gb  vregs.o [4]
?w7                     0x00000e         Data  Gb  vregs.o [4]
?xor16_x_x_dw           0x009a0a         Code  Gb  short.o [4]
?xor16_x_x_w0           0x009a0d         Code  Gb  short.o [4]
CLK_PCKENR1             0x0050c7    0x1  Data  Gb  energy.o [1]
CLK_PCKENR2             0x0050ca    0x1  Data  Gb  energy.o [1]
CLK_SWR                 0x0050c4    0x1  Data  Gb  energy.o [1]
CSTACK$$Base            0x000300          --   Gb  - Linker created -
CSTACK$$Limit           0x000400          --   Gb  - Linker created -
INTVEC$$Base            0x008000          --   Gb  - Linker created -
INTVEC$$Limit           0x008080          --   Gb  - Linker created -
InitialiseSystemClock   0x00996c   0x40  Code  Gb  energy.o [1]
InitialiseUART          0x008c4d   0x6b  Code  Gb  gps.o [1]
Region$$Table$$Base     0x009cd8          --   Gb  - Linker created -
Region$$Table$$Limit    0x009cea          --   Gb  - Linker created -
TIM1_ARRH               0x005262    0x1  Data  Gb  telemetry.o [1]
TIM1_ARRL               0x005263    0x1  Data  Gb  telemetry.o [1]
TIM1_PSCRH              0x005260    0x1  Data  Gb  telemetry.o [1]
TIM1_PSCRL              0x005261    0x1  Data  Gb  telemetry.o [1]
TIM1_UPD_OVF_IRQHandler
                        0x009d3f   0x1a  Code  Gb  telemetry.o [1]
UART1_BRR1              0x005232    0x1  Data  Gb  gps.o [1]
UART1_BRR2              0x005233    0x1  Data  Gb  gps.o [1]
UART1_DR                0x005231    0x1  Data  Gb  gps.o [1]
UART1_GTR               0x005239    0x1  Data  Gb  gps.o [1]
UART1_PSCR              0x00523a    0x1  Data  Gb  gps.o [1]
UART_send_buffer        0x008cb8   0x25  Code  Gb  gps.o [1]
_A_CLK_CCOR             0x0050c9    0x1  Data  Gb  energy.o [1]
_A_CLK_CKDIVR           0x0050c6    0x1  Data  Gb  energy.o [1]
_A_CLK_ECKR             0x0050c1    0x1  Data  Gb  energy.o [1]
_A_CLK_HSITRIMR         0x0050cc    0x1  Data  Gb  energy.o [1]
_A_CLK_ICKR             0x0050c0    0x1  Data  Gb  energy.o [1]
_A_CLK_SWCR             0x0050c5    0x1  Data  Gb  energy.o [1]
_A_CLK_SWIMCCR          0x0050cd    0x1  Data  Gb  energy.o [1]
_A_PB_CR1               0x005008    0x1  Data  Gb  si_trx.o [1]
_A_PB_CR2               0x005009    0x1  Data  Gb  si_trx.o [1]
_A_PB_DDR               0x005007    0x1  Data  Gb  si_trx.o [1]
_A_PC_CR1               0x00500d    0x1  Data  Gb  spi_bitbang.o [1]
_A_PC_CR2               0x00500e    0x1  Data  Gb  spi_bitbang.o [1]
_A_PC_DDR               0x00500c    0x1  Data  Gb  spi_bitbang.o [1]
_A_PC_IDR               0x00500b    0x1  Data  Gb  spi_bitbang.o [1]
_A_PC_ODR               0x00500a    0x1  Data  Gb  spi_bitbang.o [1]
_A_PD_CR1               0x005012    0x1  Data  Gb  si_trx.o [1]
_A_PD_CR2               0x005013    0x1  Data  Gb  si_trx.o [1]
_A_PD_DDR               0x005011    0x1  Data  Gb  si_trx.o [1]
_A_PD_ODR               0x00500f    0x1  Data  Gb  si_trx.o [1]
_A_TIM1_CR1             0x005250    0x1  Data  Gb  telemetry.o [1]
_A_TIM1_IER             0x005254    0x1  Data  Gb  telemetry.o [1]
_A_TIM1_SR1             0x005255    0x1  Data  Gb  telemetry.o [1]
_A_UART1_CR1            0x005234    0x1  Data  Gb  gps.o [1]
_A_UART1_CR2            0x005235    0x1  Data  Gb  gps.o [1]
_A_UART1_CR3            0x005236    0x1  Data  Gb  gps.o [1]
_A_UART1_CR4            0x005237    0x1  Data  Gb  gps.o [1]
_A_UART1_CR5            0x005238    0x1  Data  Gb  gps.o [1]
_A_UART1_SR             0x005230    0x1  Data  Gb  gps.o [1]
__DebugBreak            0x009e3a    0x1  Code  Gb  __dbg_break.o [3]
__exit                  0x009d81   0x14  Code  Gb  __dbg_xxexit.o [3]
__iar_copy_init2        0x009bd1         Code  Gb  init_small.o [4]
__iar_data_init2        0x009d6d   0x14  Code  Gb  init.o [4]
__iar_program_start     0x009d95         Code  Gb  cstartup.o [4]
__iar_unhandled_exception
                        0x009e37         Code  Gb  unhandled_exception.o [4]
__iar_zero_init2        0x009cea         Code  Gb  init_small.o [4]
__intvec                0x008000         Data  Gb  interrupt.o [4]
__low_level_init        0x009e31    0x3  Code  Gb  low_level_init.o [4]
_exit                   0x009e26         Code  Gb  cexit.o [4]
_interrupt_13           0x009d3f         Code  Gb  telemetry.o [1]
_si_trx_set_property_16
                        0x0080a9   0x2b  Code  Lc  si_trx.o [1]
_si_trx_set_property_24
                        0x0080d4   0x31  Code  Lc  si_trx.o [1]
_si_trx_set_property_32
                        0x008105   0x35  Code  Lc  si_trx.o [1]
_si_trx_set_property_8  0x008080   0x29  Code  Lc  si_trx.o [1]
_si_trx_transfer        0x009580   0x76  Code  Gb  si_trx.o [1]
_si_trx_transfer_uint16
                        0x009da8   0x12  Code  Lc  si_trx.o [1]
calculate_txbuf_checksum
                        0x009b49   0x2f  Code  Gb  telemetry.o [1]
crc_xmodem_update       0x0099ac   0x40  Code  Gb  telemetry.o [1]
current_fix             0x0000ba   0x19  Data  Gb  main.o [1]
delay_ms                0x008c34   0x19  Code  Gb  gps.o [1]
exit                    0x009e34    0x3  Code  Gb  exit.o [4]
get_fix_and_measurements
                        0x009840   0x50  Code  Gb  main.o [1]
gps_disable_nmea_output
                        0x008d8a   0x24  Code  Gb  gps.o [1]
gps_get_fix             0x00909a  0x1eb  Code  Gb  gps.o [1]
gps_get_fix::response   0x00005e   0x5c  Data  Lc  gps.o [1]
gps_power_save          0x009aaa   0x37  Code  Gb  gps.o [1]
gps_receive_ack         0x008cdd   0xad  Code  Gb  gps.o [1]
gps_receive_payload     0x008dae   0xec  Code  Gb  gps.o [1]
gps_save_settings       0x009c6b   0x26  Code  Gb  gps.o [1]
gps_set_airborne_model  0x009c1f   0x26  Code  Gb  gps.o [1]
gps_set_gps_only        0x009bf9   0x26  Code  Gb  gps.o [1]
gps_set_power_save      0x009c45   0x26  Code  Gb  gps.o [1]
gps_startup_delay       0x008e9a    0xb  Code  Gb  gps.o [1]
i16toa                  0x0098de   0x4a  Code  Gb  string.o [1]
i16toav                 0x0096d6   0x5f  Code  Gb  string.o [1]
i16tox                  0x009790   0x59  Code  Gb  string.o [1]
i32toa                  0x009735   0x5b  Code  Gb  string.o [1]
is_telemetry_finished   0x009cb7   0x21  Code  Gb  telemetry.o [1]
main                    0x009285  0x1b6  Code  Gb  main.o [1]
prepare_tx_buffer       0x008955  0x2df  Code  Gb  telemetry.o [1]
prepare_tx_buffer::sent_id
                        0x0000db    0x2  Data  Lc  telemetry.o [1]
radio_on                0x0000e5    0x1  Data  Gb  telemetry.o [1]
rtty_data               0x0000e0    0x1  Data  Gb  rtty.o [1]
rtty_phase              0x00005d    0x1  Data  Gb  rtty.o [1]
rtty_preamble           0x009e1c    0x5  Code  Gb  rtty.o [1]
rtty_preamble_count     0x0000e1    0x1  Data  Gb  rtty.o [1]
rtty_start              0x009e14    0x8  Code  Gb  rtty.o [1]
rtty_tick               0x009667   0x6f  Code  Gb  rtty.o [1]
si_trx_clear_pending_interrupts
                        0x008196   0x25  Code  Lc  si_trx.o [1]
si_trx_frequency_control_set_band
                        0x0082fc    0xf  Code  Lc  si_trx.o [1]
si_trx_frequency_control_set_divider
                        0x0082c2   0x3a  Code  Lc  si_trx.o [1]
si_trx_get_adc_reading  0x008211   0x7b  Code  Lc  si_trx.o [1]
si_trx_get_part_info    0x00816b   0x2b  Code  Lc  si_trx.o [1]
si_trx_get_temperature  0x00828c   0x36  Code  Gb  si_trx.o [1]
si_trx_init             0x009a2c   0x3f  Code  Gb  si_trx.o [1]
si_trx_modem_set_deviation
                        0x00830b    0xc  Code  Lc  si_trx.o [1]
si_trx_modem_set_modulation
                        0x008320   0x13  Code  Lc  si_trx.o [1]
si_trx_modem_set_offset
                        0x008317    0x9  Code  Lc  si_trx.o [1]
si_trx_off              0x008516    0xb  Code  Gb  si_trx.o [1]
si_trx_on               0x00850f    0x7  Code  Gb  si_trx.o [1]
si_trx_power_up         0x00813a   0x31  Code  Lc  si_trx.o [1]
si_trx_reset            0x00847b   0x94  Code  Gb  si_trx.o [1]
si_trx_set_frequency    0x00833e  0x13d  Code  Lc  si_trx.o [1]
si_trx_set_gpio_configuration
                        0x0081bb   0x31  Code  Lc  si_trx.o [1]
si_trx_set_tx_power     0x008333    0xb  Code  Lc  si_trx.o [1]
si_trx_start_tx         0x0081ec   0x25  Code  Lc  si_trx.o [1]
si_trx_switch_channel   0x008521    0x3  Code  Gb  si_trx.o [1]
spi_bitbang_init        0x009b78   0x2d  Code  Gb  spi_bitbang.o [1]
spi_bitbang_transfer    0x009a6b   0x3f  Code  Gb  spi_bitbang.o [1]
telemetry_active        0x009dba    0xf  Code  Gb  telemetry.o [1]
telemetry_index         0x0000e4    0x1  Data  Gb  telemetry.o [1]
telemetry_start         0x009b15   0x34  Code  Gb  telemetry.o [1]
telemetry_string_length
                        0x0000e3    0x1  Data  Gb  telemetry.o [1]
telemetry_tick          0x0095f6   0x71  Code  Gb  telemetry.o [1]
telemetry_type          0x0000e2    0x1  Data  Gb  telemetry.o [1]
timer1_tick_deinit      0x009dd6    0xb  Code  Gb  telemetry.o [1]
timer1_tick_init        0x009d24   0x1b  Code  Gb  telemetry.o [1]
timer1_tick_time        0x009deb    0x9  Code  Gb  telemetry.o [1]
tlm_alt_length          0x0000d9    0x2  Data  Gb  telemetry.o [1]
tlm_sent_id_length      0x0000d7    0x2  Data  Gb  telemetry.o [1]
tx_buf                  0x000010   0x4d  Data  Gb  main.o [1]
tx_buf_length           0x0000d5    0x2  Data  Gb  main.o [1]
tx_buf_rdy              0x0000d3    0x2  Data  Gb  main.o [1]
uart_power_save         0x009e0c    0x8  Code  Gb  gps.o [1]
ubx_cfg_fail            0x0000dd    0x1  Data  Gb  main.o [1]
ubx_poll_fail           0x0000df    0x1  Data  Gb  main.o [1]
ubx_retry_count         0x0000de    0x1  Data  Gb  main.o [1]


[1] = C:\Users\Sylvester\Documents\GitHub\PicoTracker\firmware\Debug\Obj
[2] = command line
[3] = dbgstm8smd.a
[4] = dlstm8smn.a

  7 266 bytes of readonly  code memory
    473 bytes of readonly  data memory
    486 bytes of readwrite data memory (+ 40 absolute)

Errors: 4
Warnings: none
